A()
{"type":"foo"}
B()
{"type":"b"}
Bar()
{"type":"Bar"}
Baz()
{"type":"Baz"}
