<html>
  <head>
    <meta charset="utf-8">
    <meta name="viewport" content="width=device-width, initial-scale=1.0">
    <link rel="stylesheet" type="text/css" href="../normalize.css">
    <link rel="stylesheet" type="text/css" href="../doc.css">
  </head>
  <body>
    <div class="container">
      <nav class="top">
        <a href="../index.html">Index</a>
        <span>&mdash;</span>
        <a href="../service/index.html">Package: service</a>
      </nav>
      <section id="MyService" class="section-content section-service">
        <h1 class="section-title">
          <span class="kind">service</span>
          <a class="name-local" href="service.MyService.html">MyService</a>
        </h1>
        <div class="missing-doc">no documentation :(</div>
        <h2 class="endpoint-title" id="MyService_unknown">
          <span class="name-part">MyService</span>
          <span class="name-sep">::</span>
          <span class="endpoint-id">unknown</span>
          <span>(</span>
          <span>)</span>
        </h2>
        <div class="doc">
          <p>UNKNOWN</p>

        </div>
        <h2 class="endpoint-title" id="MyService_unknown_return">
          <span class="name-part">MyService</span>
          <span class="name-sep">::</span>
          <span class="endpoint-id">unknown_return</span>
          <span>(</span>
          <span>)</span>
          <span class="keyword">&rarr;</span>
          <span class="endpoint-response-type">
            <span class="ty"><span class="type-rp-name">
              <a class="name-package" href="../common/1.0.0/index.html">c</a>
              <span class="name-sep">::</span>
              <a class="name-local" href="../common/1.0.0/type.Entry.html">Entry</a>
            </span>
            </span>
          </span>
        </h2>
        <div class="doc">
          <p>UNKNOWN</p>

        </div>
        <h2 class="endpoint-title" id="MyService_unknown_argument">
          <span class="name-part">MyService</span>
          <span class="name-sep">::</span>
          <span class="endpoint-id">unknown_argument</span>
          <span>(</span>
          <span class="endpoint-request-type">
            <span class="name">request</span>
            <span class="sep">:</span>
            <span class="ty"><span class="type-rp-name">
              <a class="name-package" href="../common/1.0.0/index.html">c</a>
              <span class="name-sep">::</span>
              <a class="name-local" href="../common/1.0.0/type.Entry.html">Entry</a>
            </span>
            </span>
          </span>
          <span>)</span>
        </h2>
        <div class="doc">
          <p>UNKNOWN</p>

        </div>
        <h2 class="endpoint-title" id="MyService_unary">
          <span class="name-part">MyService</span>
          <span class="name-sep">::</span>
          <span class="endpoint-id">unary</span>
          <span>(</span>
          <span class="endpoint-request-type">
            <span class="name">request</span>
            <span class="sep">:</span>
            <span class="ty"><span class="type-rp-name">
              <a class="name-package" href="../common/1.0.0/index.html">c</a>
              <span class="name-sep">::</span>
              <a class="name-local" href="../common/1.0.0/type.Entry.html">Entry</a>
            </span>
            </span>
          </span>
          <span>)</span>
          <span class="keyword">&rarr;</span>
          <span class="endpoint-response-type">
            <span class="ty"><span class="type-rp-name">
              <a class="name-package" href="../common/1.0.0/index.html">c</a>
              <span class="name-sep">::</span>
              <a class="name-local" href="../common/1.0.0/type.Entry.html">Entry</a>
            </span>
            </span>
          </span>
        </h2>
        <div class="doc">
          <p>UNARY</p>

        </div>
        <h2 class="endpoint-title" id="MyService_server_streaming">
          <span class="name-part">MyService</span>
          <span class="name-sep">::</span>
          <span class="endpoint-id">server_streaming</span>
          <span>(</span>
          <span class="endpoint-request-type">
            <span class="name">request</span>
            <span class="sep">:</span>
            <span class="ty"><span class="type-rp-name">
              <a class="name-package" href="../common/1.0.0/index.html">c</a>
              <span class="name-sep">::</span>
              <a class="name-local" href="../common/1.0.0/type.Entry.html">Entry</a>
            </span>
            </span>
          </span>
          <span>)</span>
          <span class="keyword">&rarr;</span>
          <span class="endpoint-response-type">
            <span class="endpoint-stream">stream</span>
            <span class="ty"><span class="type-rp-name">
              <a class="name-package" href="../common/1.0.0/index.html">c</a>
              <span class="name-sep">::</span>
              <a class="name-local" href="../common/1.0.0/type.Entry.html">Entry</a>
            </span>
            </span>
          </span>
        </h2>
        <div class="doc">
          <p>SERVER_STREMAING</p>

        </div>
        <h2 class="endpoint-title" id="MyService_client_streaming">
          <span class="name-part">MyService</span>
          <span class="name-sep">::</span>
          <span class="endpoint-id">client_streaming</span>
          <span>(</span>
          <span class="endpoint-request-type">
            <span class="name">request</span>
            <span class="sep">:</span>
            <span class="keyword">stream</span>
            <span class="ty"><span class="type-rp-name">
              <a class="name-package" href="../common/1.0.0/index.html">c</a>
              <span class="name-sep">::</span>
              <a class="name-local" href="../common/1.0.0/type.Entry.html">Entry</a>
            </span>
            </span>
          </span>
          <span>)</span>
          <span class="keyword">&rarr;</span>
          <span class="endpoint-response-type">
            <span class="ty"><span class="type-rp-name">
              <a class="name-package" href="../common/1.0.0/index.html">c</a>
              <span class="name-sep">::</span>
              <a class="name-local" href="../common/1.0.0/type.Entry.html">Entry</a>
            </span>
            </span>
          </span>
        </h2>
        <div class="doc">
          <p>CLIENT_STREAMING</p>

        </div>
        <h2 class="endpoint-title" id="MyService_bidi_streaming">
          <span class="name-part">MyService</span>
          <span class="name-sep">::</span>
          <span class="endpoint-id">bidi_streaming</span>
          <span>(</span>
          <span class="endpoint-request-type">
            <span class="name">request</span>
            <span class="sep">:</span>
            <span class="keyword">stream</span>
            <span class="ty"><span class="type-rp-name">
              <a class="name-package" href="../common/1.0.0/index.html">c</a>
              <span class="name-sep">::</span>
              <a class="name-local" href="../common/1.0.0/type.Entry.html">Entry</a>
            </span>
            </span>
          </span>
          <span>)</span>
          <span class="keyword">&rarr;</span>
          <span class="endpoint-response-type">
            <span class="endpoint-stream">stream</span>
            <span class="ty"><span class="type-rp-name">
              <a class="name-package" href="../common/1.0.0/index.html">c</a>
              <span class="name-sep">::</span>
              <a class="name-local" href="../common/1.0.0/type.Entry.html">Entry</a>
            </span>
            </span>
          </span>
        </h2>
        <div class="doc">
          <p>BIDI_STREAMING</p>

        </div>
      </section>
    </div>
  </body>
</html>
