<Entry_A >
{"type": "foo"}
<Entry_B >
{"type": "b"}
<Entry_Bar >
{"type": "Bar"}
<Entry_Baz >
{"type": "Baz"}
